IDENTIFIER foo_bar null
IDENTIFIER a null
IDENTIFIER b null
IDENTIFIER _ null
EOF  null
