LEFT_PAREN ( null
RIGHT_PAREN ) null
LEFT_BRACE { null
RIGHT_BRACE } null
EOF  null
