LEFT_PAREN ( null
SLASH / null
RIGHT_PAREN ) null
EOF  null
