NUMBER 42 42.0
NUMBER 3.14 3.14
NUMBER 0.5 0.5
NUMBER 1757.7378 1757.7378
EOF  null
