LEFT_PAREN ( null
BANG_EQUAL != null
RIGHT_PAREN ) null
EQUAL_EQUAL == null
LEFT_PAREN ( null
LESS_EQUAL <= null
RIGHT_PAREN ) null
GREATER_EQUAL >= null
LEFT_PAREN ( null
LESS < null
RIGHT_PAREN ) null
GREATER > null
EOF  null
